d:\gensoft\net\genprojects\genotıp.shell\modules\wpf\efatura\genotıp.efatura.natıve\release\genotıp.efatura.natıve.pch
d:\gensoft\net\genprojects\genotıp.shell\modules\wpf\efatura\genotıp.efatura.natıve\release\vc140.pdb
d:\gensoft\net\genprojects\genotıp.shell\modules\wpf\efatura\genotıp.efatura.natıve\release\stdafx.obj
d:\gensoft\net\genprojects\genotıp.shell\modules\wpf\efatura\genotıp.efatura.natıve\release\genotıp.efatura.natıve.obj
d:\gensoft\net\genprojects\genotıp.shell\modules\wpf\efatura\genotıp.efatura.natıve\release\assemblyınfo.obj
d:\gensoft\net\genprojects\genotıp.shell\modules\wpf\efatura\genotıp.efatura.natıve\release\.netframework,versıon=v4.0.assemblyattrıbutes.obj
d:\gensoft\net\genprojects\genotıp.shell\modules\wpf\efatura\genotıp.efatura.natıve\release\.netframework,versıon=v4.0.assemblyattrıbutes.asm
d:\gensoft\net\genprojects\genotıp.shell\modules\wpf\efatura\genotıp.efatura.native\release\genotıp.core.efatura.dll
d:\gensoft\net\genprojects\genotıp.shell\modules\wpf\efatura\genotıp.efatura.native\release\genotıp.efatura.nativeınterface.dll
d:\gensoft\net\genprojects\genotıp.shell\modules\wpf\efatura\genotıp.efatura.native\release\newtonsoft.json.dll
d:\gensoft\net\genprojects\genotıp.shell\modules\wpf\efatura\genotıp.efatura.native\release\log4net.dll
d:\gensoft\net\genprojects\genotıp.shell\modules\wpf\efatura\genotıp.efatura.native\release\genotıp.core.efatura.pdb
d:\gensoft\net\genprojects\genotıp.shell\modules\wpf\efatura\genotıp.efatura.native\release\genotıp.core.efatura.xml
d:\gensoft\net\genprojects\genotıp.shell\modules\wpf\efatura\genotıp.efatura.native\release\genotıp.efatura.nativeınterface.pdb
d:\gensoft\net\genprojects\genotıp.shell\modules\wpf\efatura\genotıp.efatura.native\release\newtonsoft.json.pdb
d:\gensoft\net\genprojects\genotıp.shell\modules\wpf\efatura\genotıp.efatura.native\release\newtonsoft.json.xml
d:\gensoft\net\genprojects\genotıp.shell\modules\wpf\efatura\genotıp.efatura.native\release\log4net.xml
d:\gensoft\net\genprojects\genotıp.shell\modules\wpf\efatura\genotıp.efatura.native\release\genotıp.efatura.native.lib
d:\gensoft\net\genprojects\genotıp.shell\modules\wpf\efatura\genotıp.efatura.native\release\genotıp.efatura.native.exp
d:\gensoft\net\genprojects\genotıp.shell\modules\wpf\efatura\genotıp.efatura.native\release\xceed.wpf.toolkit.dll
d:\gensoft\net\genprojects\genotıp.shell\modules\wpf\efatura\genotıp.efatura.native\release\asyncbridge.dll
d:\gensoft\net\genprojects\genotıp.shell\modules\wpf\efatura\genotıp.efatura.native\release\asyncbridge.pdb
d:\gensoft\net\genprojects\genotıp.shell\modules\wpf\efatura\genotıp.efatura.native\release\log4net.pdb
d:\gensoft\net\genprojects\genotıp.shell\modules\wpf\efatura\genotıp.efatura.natıve\release\genotıp.efatura.natıve.dll
d:\gensoft\net\genprojects\genotıp.shell\modules\wpf\efatura\genotıp.efatura.natıve\release\genotıp.efatura.natıve.pdb
d:\gensoft\net\genprojects\genotıp.shell\modules\wpf\efatura\genotıp.efatura.natıve\release\genotıp..f702a6a1.tlog\metagen.wrıte.1.tlog
d:\gensoft\net\genprojects\genotıp.shell\modules\wpf\efatura\genotıp.efatura.natıve\release\app.res
d:\gensoft\net\genprojects\genotıp.shell\modules\wpf\efatura\genotıp.efatura.native\release\genotıp.efatura.native.vcxprojresolveassemblyreference.cache
d:\gensoft\net\genprojects\genotıp.shell\modules\wpf\efatura\genotıp.efatura.native\release\.netframework,version=v4.0.assemblyattributes.obj
d:\gensoft\net\genprojects\genotıp.shell\modules\wpf\efatura\genotıp.efatura.native\release\assemblyınfo.obj
d:\gensoft\net\genprojects\genotıp.shell\modules\wpf\efatura\genotıp.efatura.native\release\genotıp.efatura.native.obj
d:\gensoft\net\genprojects\genotıp.shell\modules\wpf\efatura\genotıp.efatura.native\release\stdafx.obj
d:\gensoft\net\genprojects\genotıp.shell\modules\wpf\efatura\genotıp.efatura.native\release\app.res
d:\gensoft\net\genprojects\genotıp.shell\modules\wpf\efatura\genotıp.efatura.native\release\genotıp.efatura.native.pch
d:\gensoft\net\genprojects\genotıp.shell\modules\wpf\efatura\genotıp.efatura.native\release\genotıp.efatura.native.pdb
d:\gensoft\net\genprojects\genotıp.shell\modules\wpf\efatura\genotıp.efatura.native\release\vc140.pdb
d:\gensoft\net\genprojects\genotıp.shell\modules\wpf\efatura\genotıp.efatura.native\release\genotıp.efatura.native.dll.metagen
d:\gensoft\net\genprojects\genotıp.shell\modules\wpf\efatura\genotıp.efatura.native\release\genotıp.efatura.native.dll
d:\gensoft\net\genprojects\genotıp.shell\modules\wpf\efatura\genotıp.efatura.native\release\genotıp..f702a6a1.tlog\cl.command.1.tlog
d:\gensoft\net\genprojects\genotıp.shell\modules\wpf\efatura\genotıp.efatura.native\release\genotıp..f702a6a1.tlog\cl.read.1.tlog
d:\gensoft\net\genprojects\genotıp.shell\modules\wpf\efatura\genotıp.efatura.native\release\genotıp..f702a6a1.tlog\cl.write.1.tlog
d:\gensoft\net\genprojects\genotıp.shell\modules\wpf\efatura\genotıp.efatura.native\release\genotıp..f702a6a1.tlog\genotıp.efatura.native.write.1u.tlog
d:\gensoft\net\genprojects\genotıp.shell\modules\wpf\efatura\genotıp.efatura.native\release\genotıp..f702a6a1.tlog\link.command.1.tlog
d:\gensoft\net\genprojects\genotıp.shell\modules\wpf\efatura\genotıp.efatura.native\release\genotıp..f702a6a1.tlog\link.read.1.tlog
d:\gensoft\net\genprojects\genotıp.shell\modules\wpf\efatura\genotıp.efatura.native\release\genotıp..f702a6a1.tlog\link.write.1.tlog
d:\gensoft\net\genprojects\genotıp.shell\modules\wpf\efatura\genotıp.efatura.native\release\genotıp..f702a6a1.tlog\metagen.read.1.tlog
d:\gensoft\net\genprojects\genotıp.shell\modules\wpf\efatura\genotıp.efatura.native\release\genotıp..f702a6a1.tlog\metagen.write.1.tlog
d:\gensoft\net\genprojects\genotıp.shell\modules\wpf\efatura\genotıp.efatura.native\release\genotıp..f702a6a1.tlog\rc.command.1.tlog
d:\gensoft\net\genprojects\genotıp.shell\modules\wpf\efatura\genotıp.efatura.native\release\genotıp..f702a6a1.tlog\rc.read.1.tlog
d:\gensoft\net\genprojects\genotıp.shell\modules\wpf\efatura\genotıp.efatura.native\release\genotıp..f702a6a1.tlog\rc.write.1.tlog
d:\gensoft\net\genprojects\genotıp.shell\modules\wpf\efatura\genotıp.efatura.native\release\genotıp..f702a6a1.tlog\mscorlıb.dll.metagen
d:\gensoft\net\genprojects\genotıp.shell\modules\wpf\efatura\genotıp.efatura.native\release\genotıp..f702a6a1.tlog\system.data.dll.metagen
d:\gensoft\net\genprojects\genotıp.shell\modules\wpf\efatura\genotıp.efatura.native\release\genotıp..f702a6a1.tlog\system.dll.metagen
d:\gensoft\net\genprojects\genotıp.shell\modules\wpf\efatura\genotıp.efatura.native\release\genotıp..f702a6a1.tlog\system.xml.dll.metagen
d:\gensoft\net\genprojects\genotıp.shell\modules\wpf\efatura\genotıp.efatura.native\release\genotıp..f702a6a1.tlog\clr.dll.bi
d:\gensoft\net\genprojects\genotıp.shell\modules\wpf\efatura\genotıp.efatura.native\release\genotıp..f702a6a1.tlog\cluı.dll.bi
d:\gensoft\net\genprojects\genotıp.shell\modules\wpf\efatura\genotıp.efatura.native\release\genotıp..f702a6a1.tlog\mscorwks.dll.bi
d:\gensoft\net\genprojects\genotıp.shell\modules\wpf\efatura\genotıp.efatura.native\release\genotıp..f702a6a1.tlog\tzres.dll.bi
